[2026-01-29 09:54:02] Array
(
    [POST] => Array
        (
            [admin_password] => sdfgsfdg
        )

)

[2026-01-29 09:55:38] Array
(
    [POST] => Array
        (
            [admin_password] => sdfgsfdg
        )

)

[2026-01-29 09:56:41] Array
(
    [POST] => Array
        (
            [admin_password] => sdfgsfdg
        )

)

[2026-01-29 09:56:41] Array
(
    [Input] => sdfgsfdg
    [Stored] => admin123
)

[2026-01-29 09:56:49] Array
(
    [POST] => Array
        (
            [admin_password] => safdgafd
        )

)

[2026-01-29 09:56:49] Array
(
    [Input] => safdgafd
    [Stored] => admin123
)

[2026-01-29 09:56:56] Array
(
    [POST] => Array
        (
            [admin_password] => admin123
        )

)

[2026-01-29 09:56:56] Array
(
    [Input] => admin123
    [Stored] => admin123
)

[2026-01-29 10:01:56] Array
(
    [POST] => Array
        (
            [admin_password] => admin123
        )

)

[2026-01-29 10:01:56] Array
(
    [Input] => admin123
    [Stored] => admin123
)

